[panchtatva-dhimahi.com/index.html]
[backblue.gif]
[fade.gif]
[index.html]
[panchtatva-dhimahi.com/wp-content/uploads/2020/09/Comp_2_00000.jpg]
[panchtatva-dhimahi.com/wp-content/plugins/wa-sticky-button/assets/default.png]
[panchtatva-dhimahi.com/feed/index.html]
[panchtatva-dhimahi.com/comments/feed/index.html]
[panchtatva-dhimahi.com/home/feed/index.html]
[panchtatva-dhimahi.com/wp-includes/js/jquery/jqueryc1d8.js]
[panchtatva-dhimahi.com/wp-includes/js/jquery/jquery-migrate.min1576.js]
[panchtatva-dhimahi.com/wp-content/plugins/revslider/rs-plugin/js/jquery.themepunch.tools.min9cbc.js]
[panchtatva-dhimahi.com/wp-content/plugins/revslider/rs-plugin/js/jquery.themepunch.revolution.min9cbc.js]
[panchtatva-dhimahi.com/wp-content/plugins/wp-sticky-social/public/assets/js/publicf269.js]
[panchtatva-dhimahi.com/xmlrpc0db0.php]
[panchtatva-dhimahi.com/wp-includes/wlwmanifest.xml]
[panchtatva-dhimahi.com/wp-json/index.html]
[panchtatva-dhimahi.com/wp-content/uploads/2020/09/Panch-Tatva-Dhimahi-Banner.jpg]
[panchtatva-dhimahi.com/wp-content/uploads/2016/02/slider.png]
[panchtatva-dhimahi.com/ptd-channel/index.html]
[panchtatva-dhimahi.com/wp-content/uploads/2016/01/welcome.png]
[panchtatva-dhimahi.com/what-is-reiki/index.html]
[panchtatva-dhimahi.com/wp-content/uploads/2016/01/logo-slider.png]
[panchtatva-dhimahi.com/spiritual-healings/index.html]
[panchtatva-dhimahi.com/wp-content/uploads/2016/01/wind.png]
[panchtatva-dhimahi.com/vastu/index.html]
[panchtatva-dhimahi.com/wp-content/uploads/2016/01/water-1.png]
[panchtatva-dhimahi.com/blogs/index.html]
[panchtatva-dhimahi.com/wp-content/uploads/2016/01/fire.png]
[panchtatva-dhimahi.com/contact-us/index.html]
[panchtatva-dhimahi.com/wp-content/uploads/2016/01/thunder-1.png]
[panchtatva-dhimahi.com/wp-content/uploads/2016/01/plant-2.png]
[panchtatva-dhimahi.com/wp-content/uploads/2016/01/chakras.png]
[panchtatva-dhimahi.com/wp-content/uploads/2016/01/1-chakra.png]
[panchtatva-dhimahi.com/wp-content/uploads/2016/01/2-chakra.png]
[panchtatva-dhimahi.com/wp-content/uploads/2016/01/3-chakra.png]
[panchtatva-dhimahi.com/wp-content/uploads/2016/01/4-chakra.png]
[panchtatva-dhimahi.com/wp-content/uploads/2016/01/5-chakra.png]
[panchtatva-dhimahi.com/wp-content/uploads/2016/01/6-chakra.png]
[panchtatva-dhimahi.com/wp-content/uploads/2016/01/7-chakra.png]
[panchtatva-dhimahi.com/wp-content/uploads/2016/02/slided.png]
[panchtatva-dhimahi.com/wp-content/uploads/2015/04/home_lawyer_section-1024x480.png]
[panchtatva-dhimahi.com/wp-content/uploads/2015/04/chakra-healing.png]
[panchtatva-dhimahi.com/wp-content/uploads/2015/04/aura-reading.png]
[panchtatva-dhimahi.com/wp-content/uploads/2015/04/crystal-healing.png]
[panchtatva-dhimahi.com/wp-content/uploads/2015/04/pranik-healing.png]
[panchtatva-dhimahi.com/wp-content/uploads/2015/04/meditation-healing.png]
[panchtatva-dhimahi.com/wp-content/uploads/2015/04/rekie-healing.png]
[panchtatva-dhimahi.com/wp-content/uploads/2015/04/DSC09467.png]
[panchtatva-dhimahi.com/wp-content/plugins/contact-form-7/includes/js/jquery.form.mind03d.js]
[panchtatva-dhimahi.com/nature-cure-naturopathy/index.html]
[panchtatva-dhimahi.com/importance-of-yog/index.html]
[panchtatva-dhimahi.com/wp-content/plugins/contact-form-7/includes/js/scriptsa94e.js]
[panchtatva-dhimahi.com/wp-includes/js/jquery/ui/core.mine899.js]
[panchtatva-dhimahi.com/understanding-reike-healing-techniques-5-basic-principles-every-reiki-practitioner-must-understand/index.html]
[panchtatva-dhimahi.com/wp-includes/js/jquery/ui/widget.mine899.js]
[panchtatva-dhimahi.com/wp-includes/js/jquery/ui/mouse.mine899.js]
[panchtatva-dhimahi.com/wp-includes/js/jquery/ui/sortable.mine899.js]
[panchtatva-dhimahi.com/wp-includes/js/jquery/ui/tabs.mine899.js]
[panchtatva-dhimahi.com/wp-includes/js/jquery/ui/accordion.mine899.js]
[panchtatva-dhimahi.com/wp-content/themes/betheme/js/jquery.pluginsad72.js]
[panchtatva-dhimahi.com/wp-content/themes/betheme/js/animations/animations.minad72.js]
[panchtatva-dhimahi.com/wp-content/themes/betheme/js/jquery.jplayer.minad72.js]
[panchtatva-dhimahi.com/wp-content/themes/betheme/js/colorpicker/js/colorpickerad72.js]
[panchtatva-dhimahi.com/wp-content/themes/betheme/js/mfn.menuad72.js]
[panchtatva-dhimahi.com/wp-content/themes/betheme/js/scriptsad72.js]
[panchtatva-dhimahi.com/wp-includes/js/comment-reply.min3efd.js]
[panchtatva-dhimahi.com/wp-includes/js/wp-embed.min3efd.js]
[panchtatva-dhimahi.com/index.html]
[panchtatva-dhimahi.com/wp-content/plugins/contact-form-7/includes/css/stylesa94e.css]
[panchtatva-dhimahi.com/wp-content/plugins/revslider/rs-plugin/font/revicons90c6.eot]
[panchtatva-dhimahi.com/wp-content/plugins/revslider/rs-plugin/font/revicons90c6.woff]
[panchtatva-dhimahi.com/wp-content/plugins/revslider/rs-plugin/font/revicons90c6.ttf]
[panchtatva-dhimahi.com/wp-content/plugins/revslider/rs-plugin/assets/gridtile.png]
[panchtatva-dhimahi.com/wp-content/plugins/revslider/rs-plugin/assets/gridtile_white.png]
[panchtatva-dhimahi.com/wp-content/plugins/revslider/rs-plugin/assets/gridtile_3x3.png]
[panchtatva-dhimahi.com/wp-content/plugins/revslider/rs-plugin/assets/gridtile_3x3_white.png]
[panchtatva-dhimahi.com/wp-content/plugins/revslider/rs-plugin/assets/shadow1.png]
[panchtatva-dhimahi.com/wp-content/plugins/revslider/rs-plugin/assets/shadow2.png]
[panchtatva-dhimahi.com/wp-content/plugins/revslider/rs-plugin/assets/shadow3.png]
[panchtatva-dhimahi.com/wp-content/plugins/revslider/rs-plugin/images/gradient/g30.png]
[panchtatva-dhimahi.com/wp-content/plugins/revslider/rs-plugin/images/gradient/g40.png]
[panchtatva-dhimahi.com/wp-content/plugins/revslider/rs-plugin/assets/boxed_bgtile.png]
[panchtatva-dhimahi.com/wp-content/plugins/revslider/rs-plugin/assets/navigdots_bgtile.png]
[panchtatva-dhimahi.com/wp-content/plugins/revslider/rs-plugin/assets/bullet.png]
[panchtatva-dhimahi.com/wp-content/plugins/revslider/rs-plugin/assets/bullets.png]
[panchtatva-dhimahi.com/wp-content/plugins/revslider/rs-plugin/assets/bullets2.png]
[panchtatva-dhimahi.com/wp-content/plugins/revslider/rs-plugin/assets/bullet_boxed.png]
[panchtatva-dhimahi.com/wp-content/plugins/revslider/rs-plugin/assets/navigdots.png]
[panchtatva-dhimahi.com/wp-content/plugins/revslider/rs-plugin/assets/large_left.png]
[panchtatva-dhimahi.com/wp-content/plugins/revslider/rs-plugin/assets/large_right.png]
[panchtatva-dhimahi.com/wp-content/plugins/revslider/rs-plugin/assets/small_left.png]
[panchtatva-dhimahi.com/wp-content/plugins/revslider/rs-plugin/assets/small_right.png]
[panchtatva-dhimahi.com/wp-content/plugins/revslider/rs-plugin/assets/arrow_left.png]
[panchtatva-dhimahi.com/wp-content/plugins/revslider/rs-plugin/assets/arrow_right.png]
[panchtatva-dhimahi.com/wp-content/plugins/revslider/rs-plugin/assets/small_left_boxed.png]
[panchtatva-dhimahi.com/wp-content/plugins/revslider/rs-plugin/assets/small_right_boxed.png]
[panchtatva-dhimahi.com/wp-content/plugins/revslider/rs-plugin/assets/arrowleft.png]
[panchtatva-dhimahi.com/wp-content/plugins/revslider/rs-plugin/assets/arrowright.png]
[panchtatva-dhimahi.com/wp-content/plugins/revslider/rs-plugin/assets/arrow_left2.png]
[panchtatva-dhimahi.com/wp-content/plugins/revslider/rs-plugin/assets/arrow_right2.png]
[panchtatva-dhimahi.com/wp-content/plugins/revslider/rs-plugin/assets/coloredbg.png]
[panchtatva-dhimahi.com/wp-content/plugins/revslider/rs-plugin/assets/loader.gif]
[panchtatva-dhimahi.com/wp-content/plugins/revslider/rs-plugin/css/settings9cbc.css]
[panchtatva-dhimahi.com/wp-content/plugins/wp-sticky-social/public/assets/css/publicf269.css]
[panchtatva-dhimahi.com/wp-content/plugins/wp-sticky-social/public/assets/foundation_icons_social/fonts/social_foundicons.eot]
[panchtatva-dhimahi.com/wp-content/plugins/wp-sticky-social/public/assets/foundation_icons_social/fonts/social_foundicons.woff]
[panchtatva-dhimahi.com/wp-content/plugins/wp-sticky-social/public/assets/foundation_icons_social/fonts/social_foundiconsd41d.eot]
[panchtatva-dhimahi.com/wp-content/plugins/wp-sticky-social/public/assets/foundation_icons_social/fonts/social_foundicons.ttf]
[panchtatva-dhimahi.com/wp-content/plugins/wp-sticky-social/public/assets/foundation_icons_social/stylesheets/social_foundicons3efd.css]
[panchtatva-dhimahi.com/wp-content/themes/betheme/stylead72.css]
[panchtatva-dhimahi.com/wp-content/themes/betheme/images/box_shadow_button.png]
[panchtatva-dhimahi.com/wp-content/themes/betheme/css/basead72.css]
[panchtatva-dhimahi.com/wp-content/themes/betheme/css/buttonsad72.css]
[panchtatva-dhimahi.com/wp-content/themes/betheme/fonts/mfn-iconsbad6.eot]
[panchtatva-dhimahi.com/wp-content/themes/betheme/fonts/mfn-iconsbad6.woff]
[panchtatva-dhimahi.com/wp-content/themes/betheme/fonts/mfn-iconsbad6.ttf]
[panchtatva-dhimahi.com/wp-content/themes/betheme/fonts/mfn-iconsad72.css]
[panchtatva-dhimahi.com/wp-content/themes/betheme/css/gridad72.css]
[panchtatva-dhimahi.com/wp-content/themes/betheme/images/stripes/stripes_3_b.png]
[panchtatva-dhimahi.com/wp-content/themes/betheme/images/tp-leftarrow.png]
[panchtatva-dhimahi.com/wp-content/themes/betheme/images/tp-rightarrow.png]
[panchtatva-dhimahi.com/wp-content/themes/betheme/images/box_shadow.png]
[panchtatva-dhimahi.com/wp-content/themes/betheme/images/preloader.gif]
[panchtatva-dhimahi.com/wp-content/themes/betheme/images/blockquote.png]
[panchtatva-dhimahi.com/wp-content/themes/betheme/images/link.png]
[panchtatva-dhimahi.com/wp-content/themes/betheme/images/stripes/stripes_5_b.png]
[panchtatva-dhimahi.com/wp-content/themes/betheme/images/top_bar_right_shadow.png]
[panchtatva-dhimahi.com/wp-content/themes/betheme/images/timeline_right.png]
[panchtatva-dhimahi.com/wp-content/themes/betheme/images/photo.png]
[panchtatva-dhimahi.com/wp-content/themes/betheme/images/recent_comments.png]
[panchtatva-dhimahi.com/wp-content/themes/betheme/images/stripes/stripes_10_w.png]
[panchtatva-dhimahi.com/wp-content/themes/betheme/images/contact_form_error.png]
[panchtatva-dhimahi.com/wp-content/themes/betheme/images/fancy_heading_hr_dark.png]
[panchtatva-dhimahi.com/wp-content/themes/betheme/images/videomask.png]
[panchtatva-dhimahi.com/wp-content/themes/betheme/css/layoutad72.css]
[panchtatva-dhimahi.com/wp-content/themes/betheme/images/stripes/textline.png]
[panchtatva-dhimahi.com/wp-content/themes/betheme/images/icons/list_check.png]
[panchtatva-dhimahi.com/wp-content/themes/betheme/images/icons/list_star.png]
[panchtatva-dhimahi.com/wp-content/themes/betheme/images/icons/list_idea.png]
[panchtatva-dhimahi.com/wp-content/themes/betheme/images/bg_panel.png]
[panchtatva-dhimahi.com/wp-content/themes/betheme/images/stripes/stripes_10_b.png]
[panchtatva-dhimahi.com/wp-content/themes/betheme/images/progressbar.png]
[panchtatva-dhimahi.com/wp-content/themes/betheme/images/timeline_top.png]
[panchtatva-dhimahi.com/wp-content/themes/betheme/images/timeline_left.png]
[panchtatva-dhimahi.com/wp-content/themes/betheme/images/fancy_heading_hr.png]
[panchtatva-dhimahi.com/wp-content/themes/betheme/css/shortcodesad72.css]
[panchtatva-dhimahi.com/wp-content/themes/betheme/css/variablesad72.css]
[panchtatva-dhimahi.com/wp-content/themes/betheme/css/style-simplead72.css]
[panchtatva-dhimahi.com/wp-content/themes/betheme/js/animations/animations.minad72.css]
[panchtatva-dhimahi.com/wp-content/themes/betheme/js/colorpicker/images/colorpicker_background.png]
[panchtatva-dhimahi.com/wp-content/themes/betheme/js/colorpicker/images/colorpicker_overlay.png]
[panchtatva-dhimahi.com/wp-content/themes/betheme/js/colorpicker/images/colorpicker_select.gif]
[panchtatva-dhimahi.com/wp-content/themes/betheme/js/colorpicker/images/colorpicker_indic.gif]
[panchtatva-dhimahi.com/wp-content/themes/betheme/js/colorpicker/images/colorpicker_hex.png]
[panchtatva-dhimahi.com/wp-content/themes/betheme/js/colorpicker/images/colorpicker_rgb_r.png]
[panchtatva-dhimahi.com/wp-content/themes/betheme/js/colorpicker/images/colorpicker_rgb_g.png]
[panchtatva-dhimahi.com/wp-content/themes/betheme/js/colorpicker/images/colorpicker_rgb_b.png]
[panchtatva-dhimahi.com/wp-content/themes/betheme/js/colorpicker/images/colorpicker_hsb_h.png]
[panchtatva-dhimahi.com/wp-content/themes/betheme/js/colorpicker/images/colorpicker_hsb_s.png]
[panchtatva-dhimahi.com/wp-content/themes/betheme/js/colorpicker/images/colorpicker_hsb_b.png]
[panchtatva-dhimahi.com/wp-content/themes/betheme/js/colorpicker/images/colorpicker_submit.png]
[panchtatva-dhimahi.com/wp-content/themes/betheme/js/colorpicker/css/colorpickerad72.css]
[panchtatva-dhimahi.com/wp-content/themes/betheme/css/ui/images/ui-icons_222222_256x240.png]
[panchtatva-dhimahi.com/wp-content/themes/betheme/css/ui/images/ui-bg_flat_0_aaaaaa_40x100.png]
[panchtatva-dhimahi.com/wp-content/themes/betheme/css/ui/images/bg_widget_header.png]
[panchtatva-dhimahi.com/wp-content/themes/betheme/css/ui/images/bg_widget_header_active.png]
[panchtatva-dhimahi.com/wp-content/themes/betheme/css/ui/images/ui-bg_flat_75_ffffff_40x100.png]
[panchtatva-dhimahi.com/wp-content/themes/betheme/css/ui/images/ui-bg_glass_55_fbf9ee_1x400.png]
[panchtatva-dhimahi.com/wp-content/themes/betheme/css/ui/images/ui-bg_glass_95_fef1ec_1x400.png]
[panchtatva-dhimahi.com/wp-content/themes/betheme/css/ui/images/ui-icons_888888_256x240.png]
[panchtatva-dhimahi.com/wp-content/themes/betheme/css/ui/images/ui-icons_2e83ff_256x240.png]
[panchtatva-dhimahi.com/wp-content/themes/betheme/css/ui/images/ui-icons_cd0a0a_256x240.png]
[panchtatva-dhimahi.com/wp-content/themes/betheme/css/ui/jquery.ui.allad72.css]
[panchtatva-dhimahi.com/wp-content/themes/betheme/css/ui/images/ui-icons_454545_256x240.png]
[panchtatva-dhimahi.com/wp-content/themes/betheme/css/jplayer/jplayer.png]
[panchtatva-dhimahi.com/wp-content/themes/betheme/css/jplayer/jplayer.blue.monday.jpg]
[panchtatva-dhimahi.com/wp-content/themes/betheme/css/jplayer/jplayer.blue.mondayad72.css]
[panchtatva-dhimahi.com/wp-content/themes/betheme/css/jplayer/jplayer.blue.monday.seeking.gif]
[panchtatva-dhimahi.com/wp-content/themes/betheme/images/prettyPhoto/default/sprite.png]
[panchtatva-dhimahi.com/wp-content/themes/betheme/images/prettyPhoto/default/sprite_x.png]
[panchtatva-dhimahi.com/wp-content/themes/betheme/images/prettyPhoto/default/sprite_y.png]
[panchtatva-dhimahi.com/wp-content/themes/betheme/images/prettyPhoto/default/sprite_next.png]
[panchtatva-dhimahi.com/wp-content/themes/betheme/images/prettyPhoto/default/sprite_prev.png]
[panchtatva-dhimahi.com/wp-content/themes/betheme/images/prettyPhoto/default/default_thumb.png]
[panchtatva-dhimahi.com/wp-content/themes/betheme/images/prettyPhoto/default/loader.gif]
[panchtatva-dhimahi.com/wp-content/themes/betheme/images/prettyPhoto/light_rounded/sprite.png]
[panchtatva-dhimahi.com/wp-content/themes/betheme/images/prettyPhoto/light_rounded/btnNext.png]
[panchtatva-dhimahi.com/wp-content/themes/betheme/images/prettyPhoto/light_rounded/btnPrevious.png]
[panchtatva-dhimahi.com/wp-content/themes/betheme/images/prettyPhoto/dark_rounded/sprite.png]
[panchtatva-dhimahi.com/wp-content/themes/betheme/images/prettyPhoto/dark_rounded/contentPattern.png]
[panchtatva-dhimahi.com/wp-content/themes/betheme/images/prettyPhoto/dark_rounded/btnNext.png]
[panchtatva-dhimahi.com/wp-content/themes/betheme/images/prettyPhoto/dark_rounded/btnPrevious.png]
[panchtatva-dhimahi.com/wp-content/themes/betheme/images/prettyPhoto/dark_rounded/loader.gif]
[panchtatva-dhimahi.com/wp-content/themes/betheme/images/prettyPhoto/dark_square/loader.gif]
[panchtatva-dhimahi.com/wp-content/themes/betheme/images/prettyPhoto/dark_square/sprite.png]
[panchtatva-dhimahi.com/wp-content/themes/betheme/images/prettyPhoto/dark_square/btnNext.png]
[panchtatva-dhimahi.com/wp-content/themes/betheme/images/prettyPhoto/dark_square/btnPrevious.png]
[panchtatva-dhimahi.com/wp-content/themes/betheme/images/prettyPhoto/light_square/sprite.png]
[panchtatva-dhimahi.com/wp-content/themes/betheme/images/prettyPhoto/light_square/btnNext.png]
[panchtatva-dhimahi.com/wp-content/themes/betheme/images/prettyPhoto/light_square/btnPrevious.png]
[panchtatva-dhimahi.com/wp-content/themes/betheme/images/prettyPhoto/facebook/sprite.png]
[panchtatva-dhimahi.com/wp-content/themes/betheme/images/prettyPhoto/facebook/contentPatternTop.png]
[panchtatva-dhimahi.com/wp-content/themes/betheme/images/prettyPhoto/facebook/contentPatternLeft.png]
[panchtatva-dhimahi.com/wp-content/themes/betheme/images/prettyPhoto/facebook/contentPatternRight.png]
[panchtatva-dhimahi.com/wp-content/themes/betheme/images/prettyPhoto/facebook/loader.gif]
[panchtatva-dhimahi.com/wp-content/themes/betheme/images/prettyPhoto/facebook/btnNext.png]
[panchtatva-dhimahi.com/wp-content/themes/betheme/images/prettyPhoto/facebook/btnPrevious.png]
[panchtatva-dhimahi.com/wp-content/themes/betheme/images/prettyPhoto/facebook/contentPatternBottom.png]
[panchtatva-dhimahi.com/wp-content/themes/betheme/images/prettyPhoto/facebook/default_thumbnail.gif]
[panchtatva-dhimahi.com/wp-content/themes/betheme/images/prettyPhoto/light_rounded/loader.gif]
[panchtatva-dhimahi.com/wp-content/themes/betheme/css/prettyPhotoad72.css]
[panchtatva-dhimahi.com/wp-content/themes/betheme/images/menu-plus.png]
[panchtatva-dhimahi.com/wp-content/themes/betheme/css/responsive-1240ad72.css]
[panchtatva-dhimahi.com/wp-content/themes/betheme/css/responsivead72.css]
[panchtatva-dhimahi.com/wp-content/themes/betheme/css/skins/blue/stylead72.css]
[panchtatva-dhimahi.com/wp-content/themes/betheme/stylead72-2.css]
[panchtatva-dhimahi.com/wp-content/themes/betheme/css/customad72.css]
[panchtatva-dhimahi.com/girish.html]
[panchtatva-dhimahi.com/panchtatvadhimahi@gmail.html]
[panchtatva-dhimahi.com/wp-json/oembed/1.0/embedad36.json]
[panchtatva-dhimahi.com/wp-json/oembed/1.0/embed656f]
[panchtatva-dhimahi.com/ptd-channel/index.html]
[panchtatva-dhimahi.com/wp-json/oembed/1.0/embedd258.json]
[panchtatva-dhimahi.com/wp-json/oembed/1.0/embed713e]
[panchtatva-dhimahi.com/wp-content/uploads/2016/01/REIKI-hands-chakra-symbols-purple.jpg]
[panchtatva-dhimahi.com/wp-content/uploads/2016/01/download-1.jpg]
[panchtatva-dhimahi.com/wp-content/uploads/2016/01/download.jpg]
[panchtatva-dhimahi.com/wp-content/uploads/2016/01/reiki-distance-healing-symbol.gif]
[panchtatva-dhimahi.com/wp-content/uploads/2016/01/Karuna-Reiki-Symbols-1.png]
[panchtatva-dhimahi.com/what-is-reiki/index.html]
[panchtatva-dhimahi.com/wp-json/oembed/1.0/embed0d6e.json]
[panchtatva-dhimahi.com/wp-json/oembed/1.0/embedb47a]
[panchtatva-dhimahi.com/wp-content/uploads/2016/02/pranic-healing.png]
[panchtatva-dhimahi.com/wp-content/uploads/2016/02/rekie-healing.png]
[panchtatva-dhimahi.com/wp-content/uploads/2016/02/meditation.png]
[panchtatva-dhimahi.com/wp-content/uploads/2016/02/crystal-healing.png]
[panchtatva-dhimahi.com/wp-content/uploads/2016/02/chakra-healing.png]
[panchtatva-dhimahi.com/wp-content/uploads/2016/02/aura-reading.png]
[panchtatva-dhimahi.com/spiritual-healings/index.html]
[panchtatva-dhimahi.com/wp-json/oembed/1.0/embed1dcd.json]
[panchtatva-dhimahi.com/wp-json/oembed/1.0/embede8e7]
[panchtatva-dhimahi.com/wp-content/uploads/2016/02/vastu-1.png]
[panchtatva-dhimahi.com/vastu/index.html]
[panchtatva-dhimahi.com/wp-json/oembed/1.0/embed025a.json]
[panchtatva-dhimahi.com/wp-json/oembed/1.0/embed0459]
[panchtatva-dhimahi.com/wp-content/uploads/2016/01/banner1-960x750.jpg]
[panchtatva-dhimahi.com/wp-content/uploads/2016/01/banner1-1024x576.jpg]
[panchtatva-dhimahi.com/wp-content/uploads/2016/02/yoga-pose.jpg]
[panchtatva-dhimahi.com/author/admin/index.html]
[panchtatva-dhimahi.com/wp-content/uploads/2016/01/204078-reiki-1310001692-960x750.jpg]
[panchtatva-dhimahi.com/category/uncategorized/index.html]
[panchtatva-dhimahi.com/wp-content/uploads/2016/01/204078-reiki-1310001692-1024x707.jpg]
[panchtatva-dhimahi.com/wp-content/uploads/2016/01/reiki-960x750.jpg]
[panchtatva-dhimahi.com/does-reiki-really-work/index.html]
[panchtatva-dhimahi.com/wp-content/uploads/2016/01/reiki-1024x791.jpg]
[panchtatva-dhimahi.com/wp-content/uploads/2016/01/maxresdefault-960x720.jpg]
[panchtatva-dhimahi.com/reiki-natural-healing-an-overview/index.html]
[panchtatva-dhimahi.com/wp-content/uploads/2016/01/maxresdefault-1024x576.jpg]
[panchtatva-dhimahi.com/wp-content/uploads/2016/01/dreamstime_m_7968350-960x750.jpg]
[panchtatva-dhimahi.com/the-most-treasured-healing-theory-is-reiki/index.html]
[panchtatva-dhimahi.com/wp-content/uploads/2016/01/dreamstime_m_7968350-1024x620.jpg]
[panchtatva-dhimahi.com/blogs/index.html]
[panchtatva-dhimahi.com/contact-us/feed/index.html]
[panchtatva-dhimahi.com/wp-json/oembed/1.0/embed6dab.json]
[panchtatva-dhimahi.com/wp-json/oembed/1.0/embedce63]
[panchtatva-dhimahi.com/wp-includes/js/jquery/ui/effect.mine899.js]
[www.google.com/recaptcha/apiae20.js]
[panchtatva-dhimahi.com/contact-us/index.html]
[panchtatva-dhimahi.com/wp-json/oembed/1.0/embed.101fe26.delayed]
[panchtatva-dhimahi.com/nature-cure-naturopathy/feed/index.html]
[panchtatva-dhimahi.com/wp-json/oembed/1.0/embed8518]
[panchtatva-dhimahi.com/wp-content/uploads/2016/02/yoga-pose-80x80.jpg]
[w.sharethis.com/button/buttons.js]
[panchtatva-dhimahi.com/wp-content/uploads/2016/01/banner1-1200x480.jpg]
[panchtatva-dhimahi.com/nature-cure-naturopathy/index.html]
[panchtatva-dhimahi.com/wp-json/oembed/1.0/embed74c9.json]
[panchtatva-dhimahi.com/importance-of-yog/feed/index.html]
[panchtatva-dhimahi.com/wp-json/oembed/1.0/embedd146]
[panchtatva-dhimahi.com/wp-content/uploads/2016/01/204078-reiki-1310001692-80x80.jpg]
[panchtatva-dhimahi.com/wp-content/uploads/2016/01/banner1-80x80.jpg]
[panchtatva-dhimahi.com/wp-content/uploads/2016/02/yog230a.mp4]
[panchtatva-dhimahi.com/wp-content/uploads/2016/02/yog.mp4]
[panchtatva-dhimahi.com/importance-of-yog/index21b4.html]
[panchtatva-dhimahi.com/importance-of-yog/indexed49.html]
[panchtatva-dhimahi.com/wp-includes/js/mediaelement/mediaelement-and-player.min7796.js]
[panchtatva-dhimahi.com/importance-of-yog/indexa82a.html]
[panchtatva-dhimahi.com/wp-includes/js/mediaelement/wp-mediaelement3efd.js]
[panchtatva-dhimahi.com/importance-of-yog/index.html]
[panchtatva-dhimahi.com/importance-of-yog/index5dd2.html]
[panchtatva-dhimahi.com/importance-of-yog/index8e42.html]
[panchtatva-dhimahi.com/importance-of-yog/index06ab.html]
[panchtatva-dhimahi.com/wp-json/oembed/1.0/embedeb68.json]
[panchtatva-dhimahi.com/importance-of-yog/indexf73b.html]
[panchtatva-dhimahi.com/wp-json/oembed/1.0/embed6fef]
[panchtatva-dhimahi.com/importance-of-yog/index267f.html]
[panchtatva-dhimahi.com/importance-of-yog/indexf970.html]
[panchtatva-dhimahi.com/importance-of-yog/indexfc06.html]
[panchtatva-dhimahi.com/importance-of-yog/index21e4.html]
[panchtatva-dhimahi.com/importance-of-yog/index954a.html]
[panchtatva-dhimahi.com/wp-content/uploads/2016/01/reiki-80x80.jpg]
[panchtatva-dhimahi.com/importance-of-yog/index6944.html]
[panchtatva-dhimahi.com/wp-content/uploads/2016/01/204078-reiki-1310001692-1200x480.jpg]
[panchtatva-dhimahi.com/understanding-reike-healing-techniques-5-basic-principles-every-reiki-practitioner-must-understand/index.html]
[panchtatva-dhimahi.com/importance-of-yog/index740f.html]
[panchtatva-dhimahi.com/importance-of-yog/index745d.html]
[panchtatva-dhimahi.com/importance-of-yog/indexfa40.html]
[panchtatva-dhimahi.com/wp-content/plugins/shortcodes-ultimate/assets/images/styles/style-soft.png]
[panchtatva-dhimahi.com/importance-of-yog/indexfaf1.html]
[panchtatva-dhimahi.com/wp-content/plugins/shortcodes-ultimate/assets/images/styles/style-glass.png]
[panchtatva-dhimahi.com/importance-of-yog/index5785.html]
[panchtatva-dhimahi.com/wp-content/plugins/shortcodes-ultimate/assets/images/styles/style-bubbles.png]
[panchtatva-dhimahi.com/importance-of-yog/index360b.html]
[panchtatva-dhimahi.com/wp-content/plugins/shortcodes-ultimate/assets/images/styles/style-noise.png]
[panchtatva-dhimahi.com/importance-of-yog/indexcff9.html]
[panchtatva-dhimahi.com/wp-content/plugins/shortcodes-ultimate/assets/css/content-shortcodesd87f.css]
[panchtatva-dhimahi.com/importance-of-yog/index28b4.html]
[panchtatva-dhimahi.com/wp-content/plugins/revslider/rs-plugin/font/revicons90c6.svg]
[panchtatva-dhimahi.com/importance-of-yog/indexc916.html]
[panchtatva-dhimahi.com/importance-of-yog/index5cd6.html]
[panchtatva-dhimahi.com/wp-content/plugins/wp-sticky-social/public/assets/foundation_icons_social/fonts/social_foundicons.svg]
[panchtatva-dhimahi.com/understanding-reike-healing-techniques-5-basic-principles-every-reiki-practitioner-must-understand/feed/index.html]
[panchtatva-dhimahi.com/wp-content/themes/betheme/fonts/mfn-iconsbad6.svg]
[panchtatva-dhimahi.com/importance-of-yog/index1dff.html]
[panchtatva-dhimahi.com/understanding-reike-healing-techniques-5-basic-principles-every-reiki-practitioner-must-understand/indexa858.html]
[panchtatva-dhimahi.com/understanding-reike-healing-techniques-5-basic-principles-every-reiki-practitioner-must-understand/index2320.html]
[panchtatva-dhimahi.com/understanding-reike-healing-techniques-5-basic-principles-every-reiki-practitioner-must-understand/indexbed3.html]
[panchtatva-dhimahi.com/understanding-reike-healing-techniques-5-basic-principles-every-reiki-practitioner-must-understand/index094c.html]
[panchtatva-dhimahi.com/understanding-reike-healing-techniques-5-basic-principles-every-reiki-practitioner-must-understand/indexbbac.html]
[panchtatva-dhimahi.com/understanding-reike-healing-techniques-5-basic-principles-every-reiki-practitioner-must-understand/index2636.html]
[panchtatva-dhimahi.com/understanding-reike-healing-techniques-5-basic-principles-every-reiki-practitioner-must-understand/index3d09.html]
[panchtatva-dhimahi.com/understanding-reike-healing-techniques-5-basic-principles-every-reiki-practitioner-must-understand/index8528.html]
[panchtatva-dhimahi.com/understanding-reike-healing-techniques-5-basic-principles-every-reiki-practitioner-must-understand/index06b6.html]
[panchtatva-dhimahi.com/understanding-reike-healing-techniques-5-basic-principles-every-reiki-practitioner-must-understand/index5a86.html]
[panchtatva-dhimahi.com/understanding-reike-healing-techniques-5-basic-principles-every-reiki-practitioner-must-understand/index7c98.html]
[panchtatva-dhimahi.com/understanding-reike-healing-techniques-5-basic-principles-every-reiki-practitioner-must-understand/indexa2f2.html]
[panchtatva-dhimahi.com/understanding-reike-healing-techniques-5-basic-principles-every-reiki-practitioner-must-understand/index39ab.html]
[panchtatva-dhimahi.com/understanding-reike-healing-techniques-5-basic-principles-every-reiki-practitioner-must-understand/index04d3.html]
[panchtatva-dhimahi.com/understanding-reike-healing-techniques-5-basic-principles-every-reiki-practitioner-must-understand/index2166.html]
[panchtatva-dhimahi.com/indexfa80.html]
[panchtatva-dhimahi.com/ptd-channel/girish.html]
[panchtatva-dhimahi.com/ptd-channel/panchtatvadhimahi@gmail.html]
[panchtatva-dhimahi.com/indexff23.html]
[panchtatva-dhimahi.com/what-is-reiki/girish.html]
[panchtatva-dhimahi.com/what-is-reiki/panchtatvadhimahi@gmail.html]
[panchtatva-dhimahi.com/index261b.html]
[panchtatva-dhimahi.com/spiritual-healings/girish.html]
[panchtatva-dhimahi.com/spiritual-healings/panchtatvadhimahi@gmail.html]
[panchtatva-dhimahi.com/indexfbc5.html]
[panchtatva-dhimahi.com/vastu/girish.html]
[panchtatva-dhimahi.com/vastu/panchtatvadhimahi@gmail.html]
[panchtatva-dhimahi.com/index094d.html]
[panchtatva-dhimahi.com/blogs/girish.html]
[panchtatva-dhimahi.com/blogs/panchtatvadhimahi@gmail.html]
[panchtatva-dhimahi.com/author/admin/feed/index.html]
[panchtatva-dhimahi.com/author/admin/index.html]
[panchtatva-dhimahi.com/author/admin/page/2/index.html]
[panchtatva-dhimahi.com/category/uncategorized/feed/index.html]
[panchtatva-dhimahi.com/category/uncategorized/index.html]
[panchtatva-dhimahi.com/category/uncategorized/page/2/index.html]
[panchtatva-dhimahi.com/wp-json/oembed/1.0/embed0ff6.json]
[panchtatva-dhimahi.com/does-reiki-really-work/feed/index.html]
[panchtatva-dhimahi.com/wp-json/oembed/1.0/embed462d]
[panchtatva-dhimahi.com/wp-content/uploads/2016/01/maxresdefault-80x80.jpg]
[panchtatva-dhimahi.com/wp-content/uploads/2016/01/reiki-1200x480.jpg]
[panchtatva-dhimahi.com/does-reiki-really-work/index.html]
[panchtatva-dhimahi.com/does-reiki-really-work/index41b7.html]
[panchtatva-dhimahi.com/does-reiki-really-work/index61aa.html]
[panchtatva-dhimahi.com/wp-json/oembed/1.0/embed8d69.json]
[panchtatva-dhimahi.com/does-reiki-really-work/indexec27.html]
[panchtatva-dhimahi.com/wp-json/oembed/1.0/embedf310]
[panchtatva-dhimahi.com/does-reiki-really-work/indexb901.html]
[panchtatva-dhimahi.com/does-reiki-really-work/indexb621.html]
[panchtatva-dhimahi.com/reiki-natural-healing-an-overview/feed/index.html]
[panchtatva-dhimahi.com/wp-content/uploads/2016/01/dreamstime_m_7968350-80x80.jpg]
[panchtatva-dhimahi.com/wp-content/uploads/2016/01/maxresdefault-1200x480.jpg]
[panchtatva-dhimahi.com/reiki-natural-healing-an-overview/index.html]
[panchtatva-dhimahi.com/reiki-natural-healing-an-overview/indexa3a3.html]
[panchtatva-dhimahi.com/reiki-natural-healing-an-overview/index6d69.html]
[panchtatva-dhimahi.com/wp-json/oembed/1.0/embed5df3.json]
[panchtatva-dhimahi.com/wp-json/oembed/1.0/embeda567]
[panchtatva-dhimahi.com/the-most-treasured-healing-theory-is-reiki/feed/index.html]
[panchtatva-dhimahi.com/wp-content/uploads/2016/01/dreamstime_m_7968350-1200x480.jpg]
[panchtatva-dhimahi.com/the-most-treasured-healing-theory-is-reiki/index.html]
[panchtatva-dhimahi.com/index0d0b.html]
[panchtatva-dhimahi.com/the-most-treasured-healing-theory-is-reiki/index94a5.html]
[panchtatva-dhimahi.com/the-most-treasured-healing-theory-is-reiki/indexdefb.html]
[panchtatva-dhimahi.com/the-most-treasured-healing-theory-is-reiki/index129f.html]
[panchtatva-dhimahi.com/the-most-treasured-healing-theory-is-reiki/index9e16.html]
[panchtatva-dhimahi.com/contact-us/girish.html]
[panchtatva-dhimahi.com/contact-us/panchtatvadhimahi@gmail.html]
[panchtatva-dhimahi.com/wp-content/plugins/accordions/assets/global/webfonts/fa-brands-400.eot]
[panchtatva-dhimahi.com/the-most-treasured-healing-theory-is-reiki/index0a88.html]
[panchtatva-dhimahi.com/wp-content/plugins/accordions/assets/global/webfonts/fa-brands-400d41d.eot]
[panchtatva-dhimahi.com/wp-content/plugins/accordions/assets/global/webfonts/fa-brands-400.woff]
[panchtatva-dhimahi.com/wp-content/plugins/accordions/assets/global/webfonts/fa-brands-400.ttf]
[panchtatva-dhimahi.com/wp-content/plugins/accordions/assets/global/webfonts/fa-regular-400.eot]
[panchtatva-dhimahi.com/wp-content/plugins/accordions/assets/global/webfonts/fa-regular-400d41d.eot]
[panchtatva-dhimahi.com/wp-content/plugins/accordions/assets/global/webfonts/fa-regular-400.woff]
[panchtatva-dhimahi.com/wp-content/plugins/accordions/assets/global/webfonts/fa-regular-400.ttf]
[panchtatva-dhimahi.com/wp-content/plugins/accordions/assets/global/webfonts/fa-solid-900.eot]
[panchtatva-dhimahi.com/wp-content/plugins/accordions/assets/global/webfonts/fa-solid-900d41d.eot]
[panchtatva-dhimahi.com/wp-content/plugins/accordions/assets/global/webfonts/fa-solid-900.woff]
[panchtatva-dhimahi.com/wp-content/plugins/accordions/assets/global/webfonts/fa-solid-900.ttf]
[panchtatva-dhimahi.com/wp-content/plugins/accordions/assets/global/css/fontawesome-5.min3efd.css]
[panchtatva-dhimahi.com/wp-content/plugins/accordions/assets/frontend/css/images/ui-icons_444444_256x240.png]
[panchtatva-dhimahi.com/wp-content/plugins/accordions/assets/frontend/css/images/ui-icons_555555_256x240.png]
[panchtatva-dhimahi.com/wp-content/plugins/accordions/assets/frontend/css/images/ui-icons_ffffff_256x240.png]
[panchtatva-dhimahi.com/wp-content/plugins/accordions/assets/frontend/css/images/ui-icons_777620_256x240.png]
[panchtatva-dhimahi.com/wp-content/plugins/accordions/assets/frontend/css/images/ui-icons_cc0000_256x240.png]
[panchtatva-dhimahi.com/wp-content/plugins/accordions/assets/frontend/css/images/ui-icons_777777_256x240.png]
[panchtatva-dhimahi.com/wp-content/plugins/accordions/assets/frontend/css/jquery-ui3efd.css]
[panchtatva-dhimahi.com/wp-content/plugins/accordions/assets/global/css/themes.style3efd.css]
[panchtatva-dhimahi.com/index735a.html]
[panchtatva-dhimahi.com/nature-cure-naturopathy/girish.html]
[panchtatva-dhimahi.com/nature-cure-naturopathy/panchtatvadhimahi@gmail.html]
[panchtatva-dhimahi.com/indexb7c7.html]
[panchtatva-dhimahi.com/importance-of-yog/girish.html]
[panchtatva-dhimahi.com/importance-of-yog/panchtatvadhimahi@gmail.html]
[panchtatva-dhimahi.com/importance-of-yog/index21b4.html]
[panchtatva-dhimahi.com/importance-of-yog/indexed49.html]
[panchtatva-dhimahi.com/importance-of-yog/indexa82a.html]
[panchtatva-dhimahi.com/importance-of-yog/index5dd2.html]
[panchtatva-dhimahi.com/importance-of-yog/index8e42.html]
[panchtatva-dhimahi.com/importance-of-yog/index06ab.html]
[panchtatva-dhimahi.com/importance-of-yog/indexf73b.html]
[panchtatva-dhimahi.com/importance-of-yog/index267f.html]
[panchtatva-dhimahi.com/importance-of-yog/indexf970.html]
[panchtatva-dhimahi.com/importance-of-yog/indexfc06.html]
[panchtatva-dhimahi.com/importance-of-yog/index21e4.html]
[panchtatva-dhimahi.com/importance-of-yog/index954a.html]
[panchtatva-dhimahi.com/importance-of-yog/index6944.html]
[panchtatva-dhimahi.com/importance-of-yog/index740f.html]
[panchtatva-dhimahi.com/importance-of-yog/index745d.html]
[panchtatva-dhimahi.com/importance-of-yog/indexfa40.html]
[panchtatva-dhimahi.com/importance-of-yog/indexfaf1.html]
[panchtatva-dhimahi.com/importance-of-yog/index5785.html]
[panchtatva-dhimahi.com/importance-of-yog/index360b.html]
[panchtatva-dhimahi.com/importance-of-yog/indexcff9.html]
[panchtatva-dhimahi.com/importance-of-yog/index28b4.html]
[panchtatva-dhimahi.com/importance-of-yog/index1dff.html]
[panchtatva-dhimahi.com/importance-of-yog/indexc916.html]
[panchtatva-dhimahi.com/importance-of-yog/index5cd6.html]
[panchtatva-dhimahi.com/wp-includes/js/mediaelement/bigplay.png]
[panchtatva-dhimahi.com/wp-includes/js/mediaelement/background.png]
[panchtatva-dhimahi.com/wp-includes/js/mediaelement/loading.gif]
[panchtatva-dhimahi.com/wp-includes/js/mediaelement/controls.png]
[panchtatva-dhimahi.com/wp-includes/js/mediaelement/jumpforward.png]
[panchtatva-dhimahi.com/wp-includes/js/mediaelement/skipback.png]
[panchtatva-dhimahi.com/wp-includes/js/mediaelement/mediaelementplayer.mineb0c.css]
[panchtatva-dhimahi.com/wp-includes/js/mediaelement/wp-mediaelement3efd.css]
[panchtatva-dhimahi.com/index8e15.html]
[panchtatva-dhimahi.com/understanding-reike-healing-techniques-5-basic-principles-every-reiki-practitioner-must-understand/girish.html]
[panchtatva-dhimahi.com/understanding-reike-healing-techniques-5-basic-principles-every-reiki-practitioner-must-understand/panchtatvadhimahi@gmail.html]
[panchtatva-dhimahi.com/understanding-reike-healing-techniques-5-basic-principles-every-reiki-practitioner-must-understand/indexa858.html]
[panchtatva-dhimahi.com/understanding-reike-healing-techniques-5-basic-principles-every-reiki-practitioner-must-understand/index2320.html]
[panchtatva-dhimahi.com/understanding-reike-healing-techniques-5-basic-principles-every-reiki-practitioner-must-understand/indexbed3.html]
[panchtatva-dhimahi.com/understanding-reike-healing-techniques-5-basic-principles-every-reiki-practitioner-must-understand/index04d3.html]
[panchtatva-dhimahi.com/understanding-reike-healing-techniques-5-basic-principles-every-reiki-practitioner-must-understand/index094c.html]
[panchtatva-dhimahi.com/understanding-reike-healing-techniques-5-basic-principles-every-reiki-practitioner-must-understand/indexbbac.html]
[panchtatva-dhimahi.com/understanding-reike-healing-techniques-5-basic-principles-every-reiki-practitioner-must-understand/index2636.html]
[panchtatva-dhimahi.com/understanding-reike-healing-techniques-5-basic-principles-every-reiki-practitioner-must-understand/index3d09.html]
[panchtatva-dhimahi.com/understanding-reike-healing-techniques-5-basic-principles-every-reiki-practitioner-must-understand/index8528.html]
[panchtatva-dhimahi.com/understanding-reike-healing-techniques-5-basic-principles-every-reiki-practitioner-must-understand/index06b6.html]
[panchtatva-dhimahi.com/understanding-reike-healing-techniques-5-basic-principles-every-reiki-practitioner-must-understand/index5a86.html]
[panchtatva-dhimahi.com/understanding-reike-healing-techniques-5-basic-principles-every-reiki-practitioner-must-understand/index7c98.html]
[panchtatva-dhimahi.com/understanding-reike-healing-techniques-5-basic-principles-every-reiki-practitioner-must-understand/indexa2f2.html]
[panchtatva-dhimahi.com/understanding-reike-healing-techniques-5-basic-principles-every-reiki-practitioner-must-understand/index39ab.html]
[panchtatva-dhimahi.com/understanding-reike-healing-techniques-5-basic-principles-every-reiki-practitioner-must-understand/index2166.html]
[panchtatva-dhimahi.com/author/admin/girish.html]
[panchtatva-dhimahi.com/author/admin/panchtatvadhimahi@gmail.html]
[panchtatva-dhimahi.com/author/admin/page/2/index.html]
[panchtatva-dhimahi.com/category/uncategorized/girish.html]
[panchtatva-dhimahi.com/category/uncategorized/panchtatvadhimahi@gmail.html]
[panchtatva-dhimahi.com/category/uncategorized/page/2/index.html]
[panchtatva-dhimahi.com/index287b.html]
[panchtatva-dhimahi.com/does-reiki-really-work/girish.html]
[panchtatva-dhimahi.com/does-reiki-really-work/panchtatvadhimahi@gmail.html]
[panchtatva-dhimahi.com/does-reiki-really-work/index41b7.html]
[panchtatva-dhimahi.com/does-reiki-really-work/index61aa.html]
[panchtatva-dhimahi.com/does-reiki-really-work/indexec27.html]
[panchtatva-dhimahi.com/does-reiki-really-work/indexb901.html]
[panchtatva-dhimahi.com/does-reiki-really-work/indexb621.html]
[panchtatva-dhimahi.com/indexbde5.html]
[panchtatva-dhimahi.com/reiki-natural-healing-an-overview/girish.html]
[panchtatva-dhimahi.com/reiki-natural-healing-an-overview/panchtatvadhimahi@gmail.html]
[panchtatva-dhimahi.com/reiki-natural-healing-an-overview/indexa3a3.html]
[panchtatva-dhimahi.com/reiki-natural-healing-an-overview/index6d69.html]
[panchtatva-dhimahi.com/index7896.html]
[panchtatva-dhimahi.com/the-most-treasured-healing-theory-is-reiki/girish.html]
[panchtatva-dhimahi.com/the-most-treasured-healing-theory-is-reiki/panchtatvadhimahi@gmail.html]
[panchtatva-dhimahi.com/the-most-treasured-healing-theory-is-reiki/index94a5.html]
[panchtatva-dhimahi.com/the-most-treasured-healing-theory-is-reiki/indexdefb.html]
[panchtatva-dhimahi.com/the-most-treasured-healing-theory-is-reiki/index129f.html]
[panchtatva-dhimahi.com/the-most-treasured-healing-theory-is-reiki/index9e16.html]
[panchtatva-dhimahi.com/the-most-treasured-healing-theory-is-reiki/index0a88.html]
[panchtatva-dhimahi.com/wp-content/plugins/accordions/assets/global/webfonts/fa-brands-400.html]
[panchtatva-dhimahi.com/wp-content/plugins/accordions/assets/global/webfonts/fa-brands-400.svg]
[panchtatva-dhimahi.com/wp-content/plugins/accordions/assets/global/webfonts/fa-light-300.html]
[panchtatva-dhimahi.com/wp-content/plugins/accordions/assets/global/webfonts/fa-light-300d41d.html]
[panchtatva-dhimahi.com/wp-content/plugins/accordions/assets/global/webfonts/fa-light-301.html]
[panchtatva-dhimahi.com/wp-content/plugins/accordions/assets/global/webfonts/fa-light-302.html]
[panchtatva-dhimahi.com/wp-content/plugins/accordions/assets/global/webfonts/fa-light-303.html]
[panchtatva-dhimahi.com/wp-content/plugins/accordions/assets/global/webfonts/fa-light-304.html]
[panchtatva-dhimahi.com/wp-content/plugins/accordions/assets/global/webfonts/fa-regular-400.html]
[panchtatva-dhimahi.com/wp-content/plugins/accordions/assets/global/webfonts/fa-regular-400.svg]
[panchtatva-dhimahi.com/wp-content/plugins/accordions/assets/global/webfonts/fa-solid-900.html]
[panchtatva-dhimahi.com/wp-content/plugins/accordions/assets/global/webfonts/fa-solid-900.svg]
[panchtatva-dhimahi.com/wp-includes/js/mediaelement/bigplay.svg]
[panchtatva-dhimahi.com/wp-includes/js/mediaelement/controls.svg]
[panchtatva-dhimahi.com/author/admin/page/2/girish.html]
[panchtatva-dhimahi.com/author/admin/page/2/panchtatvadhimahi@gmail.html]
[panchtatva-dhimahi.com/category/uncategorized/page/2/girish.html]
[panchtatva-dhimahi.com/category/uncategorized/page/2/panchtatvadhimahi@gmail.html]
